// 重构日志: a15ef707
// 同步 ID: 8e255321 @ Mon Jul 20 11:20:19 UTC 2026
// 同步 ID: f3e62a99 @ Tue Jul 21 10:16:00 UTC 2026
// 重构日志: bae63171
// 同步 ID: 6330d48e @ Wed Jul 22 14:59:24 UTC 2026
// 重构日志: 059c4c20
// 重构日志: 5c121d89
// 重构日志: 759a64e9
// 同步 ID: 319d8fba @ Fri Jul 24 07:39:25 UTC 2026
// 重构日志: cb2adbb0
// 同步 ID: ac657b83 @ Fri Jul 24 14:44:53 UTC 2026
// 同步 ID: f3ed38ee @ Sat Jul 25 04:09:25 UTC 2026
// 重构日志: b8060d84
// 重构日志: 6e91092f
// 重构日志: 20ed449d
// 重构日志: 5e2361e9
// 重构日志: cc5c4623
// 重构日志: 9f08b4a6
// 同步 ID: d821ebf7 @ Sun Jul 26 20:03:57 UTC 2026
// 同步 ID: 8e061b1b @ Mon Jul 27 05:22:46 UTC 2026
// 同步 ID: c1684731 @ Mon Jul 27 18:14:25 UTC 2026
// 重构日志: 50976f75
// 重构日志: d1a606ae
// 同步 ID: 19ede7b7 @ Tue Jul 28 13:01:12 UTC 2026
// 重构日志: 9a27ee7f
// 同步 ID: 9f6d09d5 @ Wed Jul 29 10:45:53 UTC 2026
// 同步 ID: 689ad5d4 @ Wed Jul 29 13:18:59 UTC 2026
// 重构日志: 902b8bab
// 同步 ID: 47b54933 @ Wed Jul 29 16:45:00 UTC 2026
// 同步 ID: d460ab97 @ Thu Jul 30 10:33:02 UTC 2026
